time_surf 601281600.057878375
x_surf 6344337.4363542283
y_surf 525544.417129755951
z_surf 390704.901678329858
lat_surf 0.0617082168851118204
lon_surf 0.082648072294842001
alt_surf -10.8214901573956013
