time_surf 601281600.003682137
x_surf 6344363.74686309695
y_surf 525443.497759318328
z_surf 390413.249573884823
lat_surf 0.0616620970184224224
lon_surf 0.0826319325599069038
alt_surf -10.9444844156969339
