time_surf 601281600.047065496
x_surf 6345962.31321468391
y_surf 457010.835211655707
z_surf 458284.376057568355
lat_surf 0.0723888170399126091
lon_surf 0.0718918891010916355
alt_surf 854.802983614616096
alt_rate_sat 15.0630344632224169
x_sat 84000287.2943986505
y_sat 7124090.56860012282
z_sat 5035089.7239759909
lat_sat 0.0596861580045523338
lon_sat 0.0846078441174248352
alt_sat 78074014.4509213418
x_vel_sat 1245.05501674298648
y_vel_sat 2322.67876255723968
z_vel_sat 3400.30250837149333
roll_sat 0.227124137131826109
pitch_sat 0.127124137131826132
yaw_sat 0.327124137131826087
win_delay_surf 0.520848057144504439