time_surf 0
x_surf 0
y_surf 0
z_surf 0
lat_surf 0
lon_surf 0
alt_surf 0
